PASS  the prototype opens on the Home page
PASS  the Home → builder step plays under a cover
PASS  the edge glow runs on the black, and no mark does
PASS  the transition ends by itself
PASS  a thin prompt from the hero opens the builder, not a generation
PASS  the canvas is collapsed on arrival — preview=closed
PASS  the chat takes the whole shell — aside=1544px
PASS  the chat content is an 800px column, centred — [{"w":800,"left":372,"right":372},{"w":800,"left":372,"right":372}]
PASS  the line asking for direction is read before the form dims it — 3655ms between the line landing and the thread stepping back
PASS  Remixer asks for direction instead of guessing
PASS  the reply carries its thinking time
PASS  the question panel docks above the composer
PASS  the composer field has not moved or resized under the questions — [372,783,800,101] → [372,783,800,101]
PASS  the composer relabels itself as the escape hatch
PASS  the brief opens on the question that asks what kind of site this is — What kind of website do you want to build? (e.g. personal po
PASS  …and it offers nothing to pick: no rows, no radio, one child in the card — 0 rows / 0 radios / 1 children
PASS  …the answers card is the board’s 72: 1 + 15 + 40 + 15 + 1 — card 72 / row 70 pad 15px
PASS  …the field is the row’s full width at the board’s 40 tall — field 768×40 in a 800 card
PASS  …wearing the drawn rim, fill, radius and insets — rgba(255, 255, 255, 0.12) | {"w":768,"h":40,"x":388,"y":665,"r":"8px","rim":"rgb(21, 135, 255)","bg":"rgba(9, 9, 11, 0.16)","pl":"16px","pr":"8px","size":"14px","ph":"Your answer…"}
PASS  …and prompting for the answer rather than for one of the options — Your answer…
PASS  the question keeps the board’s 16 semibold on 1.4, white — {"text":"What kind of website do you want to build? (e.g. personal portfolio, business landing page, blog, SaaS product, restaurant, etc.)","size":"16px","weight":"600","lh":"22.4px","colour":"rgb(255, 255, 255)"}
PASS  there is nowhere to page back to from the first question — {"disabled":true,"op":0.25}
PASS  the field has taken focus, so the customer can just type
PASS  the free-text field keeps the spaces it is typed — "a corner bakery"
PASS  the piston covers the flow’s largest morph too — no ground under the panel as it grows — worst gap -886.2px over 73 frames
PASS  Enter from the field pages forward — What should this site do for you?
PASS  …and paging back keeps a typed answer, as it keeps a picked one — "a corner bakery"
PASS  an answer row blooms from the press, clipped to the ring’s own radius — {"radius":"16px","clipped":"hidden","from":0.3,"op":1}
PASS  …and leaves nothing behind once the pointer is up
PASS  at most one option in a question is recommended — [["A few pages",true],["One page, top to bottom",false],["A page for every product or service",false]]
PASS  the recommended row breathes: a 24px title row and 8px down to the consequence; plain rows keep their 2 — {"rec":8,"plain":2,"recTitleRow":24}
PASS  Recommended is a fully round badge of LIT glass — two streaks and two traces on the rim, no button diagonal — {"round":"9999px","fillA":0.03,"topLit":true,"blur":"none","streaks":4,"buttonRim":false,"depth":true}
PASS  …with a clear body (≤ 4% at the base, light gathering at the top) and a thin dark band inside — {"round":"9999px","fillA":0.03,"topLit":true,"blur":"none","streaks":4,"buttonRim":false,"depth":true}
PASS  …and it does not buy a blur for a flat ground — none
PASS  the hover ring DRAWS itself: part-way in, the ring is part-way lit — l=0.087 drawing=true op=1
PASS  …as a gradient that appears, brightest at the corner it grew from, only dimming toward the far side — corner=0.3 far=0 climb=0
PASS  …and closes into a full 1px ring at radius 16, 32% white (white strokes, the alpha on the group), nothing left animating — {"op":1,"vis":"visible","drawing":false,"l":1,"corner":0,"far":0,"climb":0,"solid":true,"white":1,"width":"1px","rx":"15.5px","alpha":0.32,"masked":false,"ground":"rgb(16, 16, 18)","radius":"16px","fill":"rgba(0, 0, 0, 0)","shadow":"none","gap":"6px","press":false,"on":false}
PASS  the unlit dash colour is the card's own ground, to the pixel — pixel 16,16,18 vs --ring-ground rgb(16, 16, 18)
PASS  the ring is a stroke, not a fill and not a box-shadow — rgba(0, 0, 0, 0) / none
PASS  the draw is measurable at all — the dashes are real animations that can be stepped — {"n":96,"dur":220,"slope":2,"band":2.1,"kink":0.01,"mirror":0,"stepFirst":0.07,"stepMid":2.16,"stepLast":0.02,"head":77}
PASS  no hard edge anywhere on the ring: the gradient never bends — curvature 0.01 (was 4.28)
PASS  …and never steepens into one: brightness changes gently all the way round — slope 2 (was 16.7)
PASS  …and the dashes are fine enough that the gradient is not stripes — 2.1% across 96 dashes (was 24.6% across 64)
PASS  the two arms are mirror images — neither side is harder than the other — worst mismatch 0ms
PASS  the front eases out of the corner and decelerates into the far one — steps 0.07 → 2.16 → 0.02 ms, head 77ms
PASS  the hairlines on both sides of the ring go — [0,0,null]
PASS  the rows sit apart, so two rings can never meet — 6px
PASS  nothing in the card moves under the hover, drawing or drawn — [373,492.81,798,78.59] → [373,492.81,798,78.59]
